This is e-pTeX, Version 3.141592653-p4.1.0-230214-2.6 (utf8.sjis) (TeX Live 2023) (preloaded format=platex 2023.5.19)  7 JAN 2026 12:22
entering extended mode
 restricted \write18 enabled.
 %&-line parsing enabled.
**graduation_research_TS_2022311042.tex
(./graduation_research_TS_2022311042.tex
pLaTeX2e <2023-02-14>+1 (based on LaTeX2e <2022-11-01> patch level 1)
L3 programming layer <2023-05-15>
(c:/texlive/2023/texmf-dist/tex/platex/base/jarticle.cls
Document Class: jarticle 2020/09/30 v1.8f Standard pLaTeX class
\c@@paper=\count184
(c:/texlive/2023/texmf-dist/tex/platex/base/jsize12.clo
File: jsize12.clo 2020/09/30 v1.8f Standard pLaTeX file (size option)
)
\c@part=\count185
\c@section=\count186
\c@subsection=\count187
\c@subsubsection=\count188
\c@paragraph=\count189
\c@subparagraph=\count190
\c@figure=\count191
\c@table=\count192
\abovecaptionskip=\skip48
\belowcaptionskip=\skip49
\symmincho=\mathgroup4
LaTeX Font Info:    Overwriting symbol font `mincho' in version `bold'
(Font)                  JY1/mc/m/n --> JY1/gt/m/n on input line 615.
\toclineskip=\dimen156
\@lnumwidth=\dimen157
\bibindent=\dimen158
\heisei=\count193
)
(c:/texlive/2023/texmf-dist/tex/latex/url/url.sty
\Urlmuskip=\muskip16
Package: url 2013/09/16  ver 3.4  Verb mode for urls, etc.
)
(c:/texlive/2023/texmf-dist/tex/latex/graphics/graphicx.sty
Package: graphicx 2021/09/16 v1.2d Enhanced LaTeX Graphics (DPC,SPQR)

(c:/texlive/2023/texmf-dist/tex/latex/graphics/keyval.sty
Package: keyval 2022/05/29 v1.15 key=value parser (DPC)
\KV@toks@=\toks17
)
(c:/texlive/2023/texmf-dist/tex/latex/graphics/graphics.sty
Package: graphics 2022/03/10 v1.4e Standard LaTeX Graphics (DPC,SPQR)

(c:/texlive/2023/texmf-dist/tex/latex/graphics/trig.sty
Package: trig 2021/08/11 v1.11 sin cos tan (DPC)
)
(c:/texlive/2023/texmf-dist/tex/latex/graphics-cfg/graphics.cfg
File: graphics.cfg 2016/06/04 v1.11 sample graphics configuration
)
Package graphics Info: Driver file: dvipdfmx.def on input line 107.

(c:/texlive/2023/texmf-dist/tex/latex/graphics-def/dvipdfmx.def
File: dvipdfmx.def 2022/09/22 v5.0m Graphics/color driver for dvipdfmx
))
\Gin@req@height=\dimen159
\Gin@req@width=\dimen160
)
(c:/texlive/2023/texmf-dist/tex/latex/l3backend/l3backend-dvips.def
File: l3backend-dvips.def 2023-04-19 L3 backend support: dvips
\l__pdf_internal_box=\box68
\g__pdf_backend_object_int=\count194
\l__pdf_backend_content_box=\box69
\l__pdf_backend_model_box=\box70
\g__pdf_backend_annotation_int=\count195
\g__pdf_backend_link_int=\count196
\g__pdf_backend_link_sf_int=\count197
)
(./graduation_research_TS_2022311042.aux)
\openout1 = `graduation_research_TS_2022311042.aux'.

LaTeX Font Info:    Checking defaults for OML/cmm/m/it on input line 5.
LaTeX Font Info:    ... okay on input line 5.
LaTeX Font Info:    Checking defaults for OMS/cmsy/m/n on input line 5.
LaTeX Font Info:    ... okay on input line 5.
LaTeX Font Info:    Checking defaults for OT1/cmr/m/n on input line 5.
LaTeX Font Info:    ... okay on input line 5.
LaTeX Font Info:    Checking defaults for T1/cmr/m/n on input line 5.
LaTeX Font Info:    ... okay on input line 5.
LaTeX Font Info:    Checking defaults for TS1/cmr/m/n on input line 5.
LaTeX Font Info:    ... okay on input line 5.
LaTeX Font Info:    Checking defaults for OMX/cmex/m/n on input line 5.
LaTeX Font Info:    ... okay on input line 5.
LaTeX Font Info:    Checking defaults for U/cmr/m/n on input line 5.
LaTeX Font Info:    ... okay on input line 5.
LaTeX Font Info:    Checking defaults for JY1/mc/m/n on input line 5.
LaTeX Font Info:    ... okay on input line 5.
LaTeX Font Info:    Checking defaults for JT1/mc/m/n on input line 5.
LaTeX Font Info:    ... okay on input line 5.
LaTeX Font Info:    Font shape `JT1/mc/bx/n' in size <20.74> not available
(Font)              Font shape `JT1/gt/m/n' tried instead on input line 11.
LaTeX Font Info:    Font shape `JY1/mc/bx/n' in size <20.74> not available
(Font)              Font shape `JY1/gt/m/n' tried instead on input line 11.
 [1

]
LaTeX Font Info:    Font shape `JT1/mc/bx/n' in size <17.28> not available
(Font)              Font shape `JT1/gt/m/n' tried instead on input line 31.
LaTeX Font Info:    Font shape `JY1/mc/bx/n' in size <17.28> not available
(Font)              Font shape `JY1/gt/m/n' tried instead on input line 31.
 [2]
(./graduation_research_TS_2022311042.toc
LaTeX Font Info:    Font shape `JT1/mc/bx/n' in size <12> not available
(Font)              Font shape `JT1/gt/m/n' tried instead on input line 1.
LaTeX Font Info:    Font shape `JY1/mc/bx/n' in size <12> not available
(Font)              Font shape `JY1/gt/m/n' tried instead on input line 1.
LaTeX Font Info:    External font `cmex10' loaded for size
(Font)              <12> on input line 2.
LaTeX Font Info:    External font `cmex10' loaded for size
(Font)              <8> on input line 2.
LaTeX Font Info:    External font `cmex10' loaded for size
(Font)              <6> on input line 2.
)
\tf@toc=\write3
\openout3 = `graduation_research_TS_2022311042.toc'.

 [3]
LaTeX Font Info:    Font shape `JT1/mc/bx/n' in size <14.4> not available
(Font)              Font shape `JT1/gt/m/n' tried instead on input line 60.
LaTeX Font Info:    Font shape `JY1/mc/bx/n' in size <14.4> not available
(Font)              Font shape `JY1/gt/m/n' tried instead on input line 60.
 [4]
Overfull \hbox (0.68541pt too wide) in paragraph at lines 99--100
[]\JY1/mc/m/n/12 人間の脳の神経細胞 \OT1/cmr/m/n/12 (\JY1/mc/m/n/12 ニ
 []

[5] [6] [7]
File: ./画像/seisei1.png Graphic file (type bmp)
<./画像/seisei1.png>
File: ./画像/seisei2.png Graphic file (type bmp)
<./画像/seisei2.png>
 [8]
File: ./画像/アンケートグラフ.png Graphic file (type bmp)
<./画像/アンケートグラフ.png>
 [9] [10] [11] [12] [13]
Underfull \hbox (badness 7326) in paragraph at lines 343--346
[]\JY1/mc/m/n/12 中山 達喜\OT1/cmr/m/n/12 , \JY1/mc/m/n/12 吉田 真一  ： 音楽分
類における特徴量の検討 ，
 []


Underfull \hbox (badness 10000) in paragraph at lines 343--346
\OT1/cmtt/m/n/12 https : / / www . jstage . jst . go . jp / article / fss / 26 
/ 0 / 26 _ 0 _ 290 /
 []


Underfull \hbox (badness 10000) in paragraph at lines 359--362
[]\OT1/cmr/m/n/12 Ledge.ai \JY1/mc/m/n/12 編集部  ： 教師なし学習とは \OT1/cmr/
m/n/12 | \JY1/mc/m/n/12 教師あり学習や
 []


Underfull \hbox (badness 10000) in paragraph at lines 359--362
\JY1/mc/m/n/12 強化学習との違い ・ 活用事例 ・ 代表的なアルゴリズムを紹介 ，
 []

[14] (./graduation_research_TS_2022311042.aux) ) 
Here is how much of TeX's memory you used:
 1116 strings out of 476760
 19118 string characters out of 5809571
 1850672 words of memory out of 5000000
 21537 multiletter control sequences out of 15000+600000
 525612 words of font info for 84 fonts, out of 8000000 for 9000
 929 hyphenation exceptions out of 8191
 55i,8n,62p,231b,352s stack positions out of 10000i,1000n,20000p,200000b,200000s

Output written on graduation_research_TS_2022311042.dvi (14 pages, 30076 bytes)
.
