This is e-pTeX, Version 3.141592653-p4.1.0-230214-2.6 (utf8.sjis) (TeX Live 2023) (preloaded format=platex 2023.5.19)  20 NOV 2023 21:52
entering extended mode
 restricted \write18 enabled.
 %&-line parsing enabled.
**report-2022311042-3dcg-1.tex
(./report-2022311042-3dcg-1.tex
pLaTeX2e <2023-02-14>+1 (based on LaTeX2e <2022-11-01> patch level 1)
L3 programming layer <2023-05-15>
(c:/texlive/2023/texmf-dist/tex/platex/base/jarticle.cls
Document Class: jarticle 2020/09/30 v1.8f Standard pLaTeX class
\c@@paper=\count184
(c:/texlive/2023/texmf-dist/tex/platex/base/jsize10.clo
File: jsize10.clo 2020/09/30 v1.8f Standard pLaTeX file (size option)
)
\c@part=\count185
\c@section=\count186
\c@subsection=\count187
\c@subsubsection=\count188
\c@paragraph=\count189
\c@subparagraph=\count190
\c@figure=\count191
\c@table=\count192
\abovecaptionskip=\skip48
\belowcaptionskip=\skip49
\symmincho=\mathgroup4
LaTeX Font Info:    Overwriting symbol font `mincho' in version `bold'
(Font)                  JY1/mc/m/n --> JY1/gt/m/n on input line 615.
\toclineskip=\dimen156
\@lnumwidth=\dimen157
\bibindent=\dimen158
\heisei=\count193
)
(c:/texlive/2023/texmf-dist/tex/latex/ascmac/ascmac.sty
Package: ascmac 2020/01/15 v2.1 ascmac wrapper (community edition) 

(c:/texlive/2023/texmf-dist/tex/latex/ascmac/tascmac.sty
Package: tascmac 2020/01/15 v2.1 ascmac package (community edition) 
\@savetbaselineshift=\dimen159
\@saveybaselineshift=\dimen160
\scb@x=\box68
\scscb@x=\box69
\@bw=\dimen161
\@nbox=\box70
\@nbody=\box71
\@scw=\dimen162
\ascmac@hoboxa=\box72
\ascmac@hoboxb=\box73
\@itemh=\dimen163
\@iboxpos=\toks17
\@iboxstr=\box74
\@bwsp=\box75
\@@bwsp=\box76
\@bcal=\count194
\shaderule=\dimen164
))
(c:/texlive/2023/texmf-dist/tex/latex/comment/comment.sty
\CommentStream=\write3

Excluding comment 'comment') (c:/texlive/2023/texmf-dist/tex/latex/url/url.sty
\Urlmuskip=\muskip16
Package: url 2013/09/16  ver 3.4  Verb mode for urls, etc.
) (c:/texlive/2023/texmf-dist/tex/latex/graphics/graphicx.sty
Package: graphicx 2021/09/16 v1.2d Enhanced LaTeX Graphics (DPC,SPQR)

(c:/texlive/2023/texmf-dist/tex/latex/graphics/keyval.sty
Package: keyval 2022/05/29 v1.15 key=value parser (DPC)
\KV@toks@=\toks18
)
(c:/texlive/2023/texmf-dist/tex/latex/graphics/graphics.sty
Package: graphics 2022/03/10 v1.4e Standard LaTeX Graphics (DPC,SPQR)

(c:/texlive/2023/texmf-dist/tex/latex/graphics/trig.sty
Package: trig 2021/08/11 v1.11 sin cos tan (DPC)
)
(c:/texlive/2023/texmf-dist/tex/latex/graphics-cfg/graphics.cfg
File: graphics.cfg 2016/06/04 v1.11 sample graphics configuration
)
Package graphics Info: Driver file: dvipdfmx.def on input line 107.

(c:/texlive/2023/texmf-dist/tex/latex/graphics-def/dvipdfmx.def
File: dvipdfmx.def 2022/09/22 v5.0m Graphics/color driver for dvipdfmx
))
\Gin@req@height=\dimen165
\Gin@req@width=\dimen166
)
(c:/texlive/2023/texmf-dist/tex/latex/listings/listings.sty
\lst@mode=\count195
\lst@gtempboxa=\box77
\lst@token=\toks19
\lst@length=\count196
\lst@currlwidth=\dimen167
\lst@column=\count197
\lst@pos=\count198
\lst@lostspace=\dimen168
\lst@width=\dimen169
\lst@newlines=\count199
\lst@lineno=\count266
\lst@maxwidth=\dimen170

(c:/texlive/2023/texmf-dist/tex/latex/listings/lstmisc.sty
File: lstmisc.sty 2023/02/27 1.9 (Carsten Heinz)
\c@lstnumber=\count267
\lst@skipnumbers=\count268
\lst@framebox=\box78
)
(c:/texlive/2023/texmf-dist/tex/latex/listings/listings.cfg
File: listings.cfg 2023/02/27 1.9 listings configuration
))
Package: listings 2023/02/27 1.9 (Carsten Heinz)

(c:/texlive/2023/texmf-dist/tex/latex/jvlisting/jvlisting.sty
Package: jvlisting 2011/11/17 v0.7 Formatted Program Listings
\jvl@idt=\count269
\jvl@tmphyphenchar=\count270
\jvl@fileinput=\read2
\listingskipamount=\skip50
\listingindent=\dimen171
\prelistingpenalty=\count271
\listingpenalty=\count272
\postlistingpenalty=\count273
) (./jlisting.sty
Package: jlisting 2006/02/20 0.2 (Thor)
\lst@nextchar=\count274
\lst@inputfile=\read3
) (c:/texlive/2023/texmf-dist/tex/latex/l3backend/l3backend-dvips.def
File: l3backend-dvips.def 2023-04-19 L3 backend support: dvips
\l__pdf_internal_box=\box79
\g__pdf_backend_object_int=\count275
\l__pdf_backend_content_box=\box80
\l__pdf_backend_model_box=\box81
\g__pdf_backend_annotation_int=\count276
\g__pdf_backend_link_int=\count277
\g__pdf_backend_link_sf_int=\count278
)
(./report-2022311042-3dcg-1.aux)
\openout1 = `report-2022311042-3dcg-1.aux'.

LaTeX Font Info:    Checking defaults for OML/cmm/m/it on input line 27.
LaTeX Font Info:    ... okay on input line 27.
LaTeX Font Info:    Checking defaults for OMS/cmsy/m/n on input line 27.
LaTeX Font Info:    ... okay on input line 27.
LaTeX Font Info:    Checking defaults for OT1/cmr/m/n on input line 27.
LaTeX Font Info:    ... okay on input line 27.
LaTeX Font Info:    Checking defaults for T1/cmr/m/n on input line 27.
LaTeX Font Info:    ... okay on input line 27.
LaTeX Font Info:    Checking defaults for TS1/cmr/m/n on input line 27.
LaTeX Font Info:    ... okay on input line 27.
LaTeX Font Info:    Checking defaults for OMX/cmex/m/n on input line 27.
LaTeX Font Info:    ... okay on input line 27.
LaTeX Font Info:    Checking defaults for U/cmr/m/n on input line 27.
LaTeX Font Info:    ... okay on input line 27.
LaTeX Font Info:    Checking defaults for JY1/mc/m/n on input line 27.
LaTeX Font Info:    ... okay on input line 27.
LaTeX Font Info:    Checking defaults for JT1/mc/m/n on input line 27.
LaTeX Font Info:    ... okay on input line 27.
\c@lstlisting=\count279
LaTeX Font Info:    Font shape `JT1/mc/bx/n' in size <20.74> not available
(Font)              Font shape `JT1/gt/m/n' tried instead on input line 32.
LaTeX Font Info:    Font shape `JY1/mc/bx/n' in size <20.74> not available
(Font)              Font shape `JY1/gt/m/n' tried instead on input line 32.
LaTeX Font Info:    Font shape `JT1/mc/bx/n' in size <12> not available
(Font)              Font shape `JT1/gt/m/n' tried instead on input line 34.
LaTeX Font Info:    Font shape `JY1/mc/bx/n' in size <12> not available
(Font)              Font shape `JY1/gt/m/n' tried instead on input line 34.
LaTeX Font Info:    External font `cmex10' loaded for size
(Font)              <7> on input line 38.
LaTeX Font Info:    External font `cmex10' loaded for size
(Font)              <5> on input line 38.

Underfull \hbox (badness 10000) in paragraph at lines 38--41

 []

LaTeX Font Info:    Font shape `JT1/mc/bx/n' in size <14.4> not available
(Font)              Font shape `JT1/gt/m/n' tried instead on input line 41.
LaTeX Font Info:    Font shape `JY1/mc/bx/n' in size <14.4> not available
(Font)              Font shape `JY1/gt/m/n' tried instead on input line 41.
(./report-2022311042-3dcg-1.toc
LaTeX Font Info:    Font shape `JT1/mc/bx/n' in size <10> not available
(Font)              Font shape `JT1/gt/m/n' tried instead on input line 1.
LaTeX Font Info:    Font shape `JY1/mc/bx/n' in size <10> not available
(Font)              Font shape `JY1/gt/m/n' tried instead on input line 1.
)
\tf@toc=\write4
\openout4 = `report-2022311042-3dcg-1.toc'.

 [1

] [2]
File: no/mydoll.png Graphic file (type bmp)
<no/mydoll.png>
File: no/kataR-t.png Graphic file (type bmp)
<no/kataR-t.png>

Overfull \hbox (2.22221pt too wide) in paragraph at lines 93--107
[][]$[]$[] []$[]$[] 
 []

File: no/kitenkataL-t.png Graphic file (type bmp)
<no/kitenkataL-t.png>
File: no/kitenkataR-t.png Graphic file (type bmp)
<no/kitenkataR-t.png>

Overfull \hbox (2.22221pt too wide) in paragraph at lines 112--126
[][]$[]$[] []$[]$[] 
 []

[3]
File: no/kitencrown-t.png Graphic file (type bmp)
<no/kitencrown-t.png>
File: no/crown-t.png Graphic file (type bmp)
<no/crown-t.png>

Overfull \hbox (2.22221pt too wide) in paragraph at lines 132--146
[][]$[]$[] []$[]$[] 
 []

[4] [5] [6]
File: no/clockwise.png Graphic file (type bmp)
<no/clockwise.png>
File: no/clockwise-raise.png Graphic file (type bmp)
<no/clockwise-raise.png>

Overfull \hbox (2.22221pt too wide) in paragraph at lines 188--202
[][]$[]$[] []$[]$[] 
 []

File: no/counterclockwise.png Graphic file (type bmp)
<no/counterclockwise.png>
File: no/counterclockwise-raise.png Graphic file (type bmp)
<no/counterclockwise-raise.png>

Overfull \hbox (2.22221pt too wide) in paragraph at lines 204--218
[][]$[]$[] []$[]$[] 
 []

[7]
File: no/1-2-2-out.png Graphic file (type bmp)
<no/1-2-2-out.png>
File: no/1-2-20-out.png Graphic file (type bmp)
<no/1-2-20-out.png>

Overfull \hbox (2.22221pt too wide) in paragraph at lines 234--248
[][]$[]$[] []$[]$[] 
 []

[8]
File: no/seg10.png Graphic file (type bmp)
<no/seg10.png>
File: no/seg100.png Graphic file (type bmp)
<no/seg100.png>

Overfull \hbox (2.22221pt too wide) in paragraph at lines 292--306
[][]$[]$[] []$[]$[] 
 []

[9]
Underfull \hbox (badness 10000) in paragraph at lines 336--338
[]$\OT1/cmtt/m/n/10 https : / / www . ipentec . com / document / 3ds-[]max-[]sp
line-[]curve-[]is-[]not-[]smooth$\OT1/cmr/m/n/10 , (\JY1/mc/m/n/10 参照
 []

[10] (./report-2022311042-3dcg-1.aux) ) 
Here is how much of TeX's memory you used:
 2806 strings out of 476760
 45203 string characters out of 5809571
 1855672 words of memory out of 5000000
 23194 multiletter control sequences out of 15000+600000
 520398 words of font info for 66 fonts, out of 8000000 for 9000
 929 hyphenation exceptions out of 8191
 55i,9n,62p,242b,390s stack positions out of 10000i,1000n,20000p,200000b,200000s

Output written on report-2022311042-3dcg-1.dvi (10 pages, 23428 bytes).
